// Jest Snapshot v1, https://goo.gl/fbAQLP

exports[`Page renders a heading 1`] = `
<h1
  class="text-3xl font-bold underline"
>
  App Homepage!
</h1>
`;
